// Jest Snapshot v1, https://goo.gl/fbAQLP

exports[`test for Calculator Component should render Calculator Component 1`] = `
Object {
  "asFragment": [Function],
  "baseElement": <body>
    <div>
      <div
        class="cal"
      >
        <div
          class="hd"
        >
          <h2>
            Let's do some Math!
          </h2>
        </div>
        <div
          class="container"
        >
          <div
            class="num-input"
          />
          <input
            id="AC"
            type="button"
            value="AC"
          />
          <input
            id="sign"
            type="button"
            value="+/-"
          />
          <input
            id="modulo"
            type="button"
            value="%"
          />
          <input
            class="operator"
            id="divide"
            type="button"
            value="รท"
          />
          <input
            id="seven"
            type="button"
            value="7"
          />
          <input
            id="eight"
            type="button"
            value="8"
          />
          <input
            id="nine"
            type="button"
            value="9"
          />
          <input
            class="operator"
            id="X"
            type="button"
            value="x"
          />
          <input
            id="four"
            type="button"
            value="4"
          />
          <input
            id="five"
            type="button"
            value="5"
          />
          <input
            id="six"
            type="button"
            value="6"
          />
          <input
            class="operator"
            id="minus"
            type="button"
            value="-"
          />
          <input
            id="one"
            type="button"
            value="1"
          />
          <input
            id="two"
            type="button"
            value="2"
          />
          <input
            id="three"
            type="button"
            value="3"
          />
          <input
            class="operator"
            id="plus"
            type="button"
            value="+"
          />
          <input
            id="zero"
            type="button"
            value="0"
          />
          <input
            id="dot"
            type="button"
            value="."
          />
          <input
            class="operator"
            id="equal"
            type="button"
            value="="
          />
        </div>
      </div>
    </div>
  </body>,
  "container": <div>
    <div
      class="cal"
    >
      <div
        class="hd"
      >
        <h2>
          Let's do some Math!
        </h2>
      </div>
      <div
        class="container"
      >
        <div
          class="num-input"
        />
        <input
          id="AC"
          type="button"
          value="AC"
        />
        <input
          id="sign"
          type="button"
          value="+/-"
        />
        <input
          id="modulo"
          type="button"
          value="%"
        />
        <input
          class="operator"
          id="divide"
          type="button"
          value="รท"
        />
        <input
          id="seven"
          type="button"
          value="7"
        />
        <input
          id="eight"
          type="button"
          value="8"
        />
        <input
          id="nine"
          type="button"
          value="9"
        />
        <input
          class="operator"
          id="X"
          type="button"
          value="x"
        />
        <input
          id="four"
          type="button"
          value="4"
        />
        <input
          id="five"
          type="button"
          value="5"
        />
        <input
          id="six"
          type="button"
          value="6"
        />
        <input
          class="operator"
          id="minus"
          type="button"
          value="-"
        />
        <input
          id="one"
          type="button"
          value="1"
        />
        <input
          id="two"
          type="button"
          value="2"
        />
        <input
          id="three"
          type="button"
          value="3"
        />
        <input
          class="operator"
          id="plus"
          type="button"
          value="+"
        />
        <input
          id="zero"
          type="button"
          value="0"
        />
        <input
          id="dot"
          type="button"
          value="."
        />
        <input
          class="operator"
          id="equal"
          type="button"
          value="="
        />
      </div>
    </div>
  </div>,
  "debug": [Function],
  "findAllByAltText": [Function],
  "findAllByDisplayValue": [Function],
  "findAllByLabelText": [Function],
  "findAllByPlaceholderText": [Function],
  "findAllByRole": [Function],
  "findAllByTestId": [Function],
  "findAllByText": [Function],
  "findAllByTitle": [Function],
  "findByAltText": [Function],
  "findByDisplayValue": [Function],
  "findByLabelText": [Function],
  "findByPlaceholderText": [Function],
  "findByRole": [Function],
  "findByTestId": [Function],
  "findByText": [Function],
  "findByTitle": [Function],
  "getAllByAltText": [Function],
  "getAllByDisplayValue": [Function],
  "getAllByLabelText": [Function],
  "getAllByPlaceholderText": [Function],
  "getAllByRole": [Function],
  "getAllByTestId": [Function],
  "getAllByText": [Function],
  "getAllByTitle": [Function],
  "getByAltText": [Function],
  "getByDisplayValue": [Function],
  "getByLabelText": [Function],
  "getByPlaceholderText": [Function],
  "getByRole": [Function],
  "getByTestId": [Function],
  "getByText": [Function],
  "getByTitle": [Function],
  "queryAllByAltText": [Function],
  "queryAllByDisplayValue": [Function],
  "queryAllByLabelText": [Function],
  "queryAllByPlaceholderText": [Function],
  "queryAllByRole": [Function],
  "queryAllByTestId": [Function],
  "queryAllByText": [Function],
  "queryAllByTitle": [Function],
  "queryByAltText": [Function],
  "queryByDisplayValue": [Function],
  "queryByLabelText": [Function],
  "queryByPlaceholderText": [Function],
  "queryByRole": [Function],
  "queryByTestId": [Function],
  "queryByText": [Function],
  "queryByTitle": [Function],
  "rerender": [Function],
  "unmount": [Function],
}
`;
